// Jest Snapshot v1, https://goo.gl/fbAQLP

exports[`FormatAndDisplay ends successfully formatting matches expectations 1`] = `undefined`;

exports[`Test FormatAndDisplay formatting matches expectations 1`] = `undefined`;
